// Jest Snapshot v1, https://goo.gl/fbAQLP

exports[`atoms <Box /> matches snapshot 1`] = `
<div>
  <div
    class="sc-bdvvtL ffpNbK"
  />
</div>
`;
